<?xml version="1.0" encoding="UTF-8"?>
<TestRun id="27ced5f3-8f82-4e5f-a7f3-6050876f0ec9" name="Detlev@BREITBILD 2011-11-24 20:43:54" runUser="WINTERTHUR\Detlev" xmlns="http://microsoft.com/schemas/VisualStudio/TeamTest/2010">
  <TestSettings name="Local" id="84bca167-372a-45fc-ab06-7272e21c7f72">
    <Description>These are default test settings for a local test run.</Description>
    <Deployment enabled="false" runDeploymentRoot="Detlev_BREITBILD 2011-11-24 20_43_54">
      <DeploymentItem filename="C:\FachHochSchule\Methoden der Programmierung\3S\50-Projekt-CPU\CPU\MdPCPU\CPUEngine\bin\Debug\ch.zhaw.HenselerGroup.CPU.CPUEngine.dll" />
    </Deployment>
    <Execution>
      <TestTypeSpecific />
      <AgentRule name="Execution Agents">
      </AgentRule>
    </Execution>
  </TestSettings>
  <Times creation="2011-11-24T20:43:54.8955839+01:00" queuing="2011-11-24T20:43:56.7519872+01:00" start="2011-11-24T20:43:56.8923874+01:00" finish="2011-11-24T20:43:57.7035888+01:00" />
  <ResultSummary outcome="Failed">
    <Counters total="1" executed="1" error="0" failed="1" timeout="0" aborted="0" inconclusive="0" passedButRunAborted="0" notRunnable="0" notExecuted="0" disconnected="0" warning="0" passed="0" completed="0" inProgress="0" pending="0" />
  </ResultSummary>
  <TestDefinitions>
    <UnitTest name="LoadMemoryTest" storage="c:\fachhochschule\methoden der programmierung\3s\50-projekt-cpu\cpu\mdpcpu\testcpuengine\bin\debug\testcpuengine.dll" id="9b7267f3-d6b8-8d61-f50d-2ce89dd30f98">
      <Execution id="55639557-6e64-4a6b-8b71-dd9257d437ad" />
      <TestMethod codeBase="C:/FachHochSchule/Methoden der Programmierung/3S/50-Projekt-CPU/CPU/MdPCPU/TestCPUEngine/bin/Debug/TestCPUEngine.DLL" adapterTypeName="Microsoft.VisualStudio.TestTools.TestTypes.Unit.UnitTestAdapter, Microsoft.VisualStudio.QualityTools.Tips.UnitTest.Adapter, Version=10.0.0.0, Culture=neutral, PublicKeyToken=b03f5f7f11d50a3a" className="TestCPUEngine.CPUTest, TestCPUEngine, Version=1.0.0.0, Culture=neutral, PublicKeyToken=null" name="LoadMemoryTest" />
    </UnitTest>
  </TestDefinitions>
  <TestLists>
    <TestList name="Results Not in a List" id="8c84fa94-04c1-424b-9868-57a2d4851a1d" />
    <TestList name="All Loaded Results" id="19431567-8539-422a-85d7-44ee4e166bda" />
  </TestLists>
  <TestEntries>
    <TestEntry testId="9b7267f3-d6b8-8d61-f50d-2ce89dd30f98" executionId="55639557-6e64-4a6b-8b71-dd9257d437ad" testListId="8c84fa94-04c1-424b-9868-57a2d4851a1d" />
  </TestEntries>
  <Results>
    <UnitTestResult executionId="55639557-6e64-4a6b-8b71-dd9257d437ad" testId="9b7267f3-d6b8-8d61-f50d-2ce89dd30f98" testName="LoadMemoryTest" computerName="BREITBILD" duration="00:00:00.1222600" startTime="2011-11-24T20:43:56.9859876+01:00" endTime="2011-11-24T20:43:57.5943886+01:00" testType="13cdc9d9-ddb5-4fa4-a97d-d965ccfc6d4b" outcome="Failed" testListId="8c84fa94-04c1-424b-9868-57a2d4851a1d" relativeResultsDirectory="55639557-6e64-4a6b-8b71-dd9257d437ad">
      <Output>
        <ErrorInfo>
          <Message>Test method TestCPUEngine.CPUTest.LoadMemoryTest threw exception: 
System.NotImplementedException: The method or operation is not implemented.</Message>
          <StackTrace>    at ch.zhaw.HenselerGroup.CPU.Impl.Commands.ADD.Parse(String opcode) in C:\FachHochSchule\Methoden der Programmierung\3S\50-Projekt-CPU\CPU\MdPCPU\CPUEngine\Impl\Commands\ADD.cs:line 29
   at ch.zhaw.HenselerGroup.CPU.CPU.LoadMemory(String[] codelines, Int32 startAddress) in C:\FachHochSchule\Methoden der Programmierung\3S\50-Projekt-CPU\CPU\MdPCPU\CPUEngine\CPU.cs:line 45
   at TestCPUEngine.CPUTest.LoadMemoryTest() in C:\FachHochSchule\Methoden der Programmierung\3S\50-Projekt-CPU\CPU\MdPCPU\TestCPUEngine\CPUTest.cs:line 86
</StackTrace>
        </ErrorInfo>
      </Output>
    </UnitTestResult>
  </Results>
</TestRun>